// Jest Snapshot v1, https://goo.gl/fbAQLP

exports[`Pruebas en <GiftExpertApp/> Debe de hacer match con el snapshot 1`] = `
<div>
  <h1>
    GiftExpertApp
  </h1>
  <form
    aria-label="form"
  >
    <input
      placeholder="Buscar Gifs"
      type="text"
      value=""
    />
  </form>
  <h4>
    ONE PIECE ANIME
  </h4>
  <h2>
    Loading...
  </h2>
  <div
    class="card-grid"
  />
</div>
`;
